// 重构日志: 1da39798
// 同步 ID: c96ed719 @ Fri Jul 24 10:30:33 UTC 2026
// 重构日志: 58834df2
// 重构日志: 6b2c96c0
// 重构日志: f4c3ee54
// 重构日志: 4fbddaad
// 重构日志: 7da9f051
// 重构日志: 16621720
// 重构日志: b77e5693
// 重构日志: 1f52a749
// 重构日志: 0cd187b8
// 重构日志: 96366260
// 重构日志: 43d13574
// 重构日志: 5d3ec167
// 重构日志: b78d940a
// 同步 ID: a9abb5e1 @ Fri Jul 31 20:22:42 UTC 2026
// 同步 ID: 80019c0d @ Sat Aug  1 07:25:02 UTC 2026
// 同步 ID: 25f9c781 @ Sat Aug  1 09:31:31 UTC 2026
// 重构日志: 3dba6ad1
// 重构日志: 2a6ec16e
// 重构日志: 9f1e4d38
// 同步 ID: 5ede92c1 @ Sun Aug  2 12:36:09 UTC 2026
// 同步 ID: 446f51f0 @ Mon Aug  3 08:04:51 UTC 2026
// 重构日志: b66881b4
// 同步 ID: c26b948f @ Tue Aug  4 06:50:26 UTC 2026
// 重构日志: a9b0f37d
// 重构日志: bdd0723e
// 重构日志: 551b9ed0
// 同步 ID: 605aedef @ Wed Aug  5 17:58:24 UTC 2026
// 同步 ID: 1df92eac @ Thu Aug  6 07:33:53 UTC 2026
